C:\xampp\mysql\bin>cd \xampp0\mysql\bin

C:\xampp0\mysql\bin>mysql -u root -p
Enter password:
Welcome to the MariaDB monitor.  Commands end with ; or \g.
Your MariaDB connection id is 8
Server version: 10.4.28-MariaDB mariadb.org binary distribution

Copyright (c) 2000, 2018, Oracle, MariaDB Corporation Ab and others.

Type 'help;' or '\h' for help. Type '\c' to clear the current input statement.

MariaDB [(none)]> USE ti05
Database changed
MariaDB [ti05]> CREATE DATABASE ti05;
ERROR 1007 (HY000): Can't create database 'ti05'; database exists
MariaDB [ti05]> CREATE TABLE jabatan(
    -> id int primary key NOT NULL auto_increment,
    -> nama varchar(30) NOT NULL unique);
Query OK, 0 rows affected (0.019 sec)
MariaDB [ti05]> CREATE TABLE pegawai(
    -> id int primary key NOT NULL auto_increment,
    -> nip varchar(30) NOT NULL unique,
    -> nama varchar(30) NOT NULL,
    -> email varchar(30),
    -> tgl_lahir Date,
    -> jabatan_id int not null REFERENCES jabatan(id));
Query OK, 0 rows affected (0.018 sec)
MariaDB [ti05]> alter kolom
    -> alter table pegawai modify email varchar(50) after nama;
ERROR 1064 (42000): You have an error in your SQL syntax; check the manual that corresponds to your MariaDB server version for the right syntax to use near 'kolom
alter table pegawai modify email varchar(50) after nama' at line 1
MariaDB [ti05]> ALTER TABLE pegawai DROP COLUMN tgl_lahir;
Query OK, 0 rows affected (0.019 sec)
Records: 0  Duplicates: 0  Warnings: 0

MariaDB [ti05]>